src/controllers/appointment.ts(15,65): error TS2339: Property 'role' does not exist on type 'TokenPayload'.
src/controllers/appointment.ts(49,77): error TS2339: Property 'role' does not exist on type 'TokenPayload'.
src/controllers/appointment.ts(57,106): error TS2339: Property 'role' does not exist on type 'TokenPayload'.
src/controllers/clinic.ts(27,66): error TS2339: Property 'role' does not exist on type 'TokenPayload'.
src/controllers/clinic.ts(36,101): error TS2339: Property 'role' does not exist on type 'TokenPayload'.
src/controllers/clinic.ts(44,82): error TS2339: Property 'role' does not exist on type 'TokenPayload'.
src/controllers/examination.ts(43,78): error TS2339: Property 'role' does not exist on type 'TokenPayload'.
src/controllers/examination.ts(52,108): error TS2339: Property 'role' does not exist on type 'TokenPayload'.
src/controllers/examination.ts(61,94): error TS2339: Property 'role' does not exist on type 'TokenPayload'.
src/controllers/getMeController.ts(8,80): error TS2339: Property 'role' does not exist on type 'TokenPayload'.
src/controllers/updateMeController.ts(11,90): error TS2339: Property 'role' does not exist on type 'TokenPayload'.
src/repostory/appointment.ts(2,34): error TS2307: Cannot find module '../../generated/prisma' or its corresponding type declarations.
src/service/appointment.ts(9,34): error TS2307: Cannot find module '../../generated/prisma' or its corresponding type declarations.
